personal_ws-1.1 en 205
ABNF
ACM
Aa
Acta
Ao
BaCa
BadLuck
Bb
BibTeX
CCaO
CECAM
CSV
CaCO
ClNa
ClosingBrace
CommonMark
ConstantFirstComparison
Cryst
EREs
Edsger
EqualityOperator
EscapedChar
ExpressionClause
ExpressionPhrase
FuzzyStringOpRhs
Grammatica
IANA
IEEE
IUPAC's
IdentifierFirstComparison
IdentifierZipAddon
KnownOpRhs
Lausanne
LengthComparison
LengthOpRhs
LowercaseLetter
NaCl
NaN
NaO
OpenAPI
OpeningBrace
OperatorComparison
OrderedConstant
OrderedValue
POSCAR
POSIX
PredicateComparison
PropertyFirstComparison
PropertyZipAddon
Punctuator
RST
RelativeComparisonOperator
SPDX
Schmit
SetOpRhs
SetZipOpRhs
SiGe
SiO
URI
UTC
UUID
UnescapedChar
UnicodeHighChar
UnorderedConstant
Unversioned
UppercaseLetter
ValueEqRhs
ValueList
ValueListEntry
ValueOpRhs
ValueRelCompRhs
ValueZip
ValueZipList
Za
Zeolitic
aax
alphanumerics
annote
antlr
api
atime
backend
backends
bandgap
bd
booktitle
boolean
calc
cartesian
checksums
cif
conformant
cr
crossref
css
csv
ctime
deNOx
dec
denox
dep
dependentRequired
dimensionality
discoverability
discoverable
doi
downloadable
eb
ebnf
edf
enum
exclusiveMaximum
exclusiveMinimum
exmpl
fieldname
firstname
howpublished
href
html
http
hydrogens
hydroperoxide
implementers
internaldb
javascript
json
jsonapi
jsonc
kvak
lastname
libc
lst
lt
maintainer's
maxItems
maxLength
maxProperties
md
metadata
minItems
minLength
minProperties
mistyped
mtime
multi
multipleOf
namespace
namespaces
nattached
nbsp
nelements
nl
nonperiodic
nperiodic
nsites
occupancies
ok
optimade
organisation
oxygens
param
pcre
perovskites
pre
prepended
prepending
prev
qudt
queryable
rc
regex
renormalize
sectnum
sha
sortable
spacegroup
structs
subfields
substring
substrings
supercell
testdb
timestamp
timestamps
ucum
uniqueItems
unrequested
unversioned
uri
uris
url
urls
uuid
vMAJOR
versioning
vnd
vt
whitespace
workflow
xml
xy
yacc
zeo
zeolites
ångström
incrementing
