personal_ws-1.1 en 227 
ABNF
ACM
Aa
Acta
Ao
BaCa
BadLuck
Bb
BibTeX
CCaO
CECAM
CSV
CaCO
ClNa
ClosingBrace
CommonMark
ConstantFirstComparison
Cracknell
Cryst
Dordrecht
EREs
Edsger
EqualityOperator
EscapedChar
ExpressionClause
ExpressionPhrase
FuzzyStringOpRhs
Grammatica
Hermann
IANA
IEEE
ITC
IUCr
IUPAC's
IdentifierFirstComparison
IdentifierZipAddon
KnownOpRhs
Lausanne
LengthComparison
LengthOpRhs
LowercaseLetter
Mauguin
NaCl
NaN
NaO
OpenAPI
OpeningBrace
OperatorComparison
OrderedConstant
OrderedValue
POSCAR
POSIX
PredicateComparison
PropertyFirstComparison
PropertyZipAddon
Punctuator
RST
RelativeComparisonOperator
SPDX
Schmit
SetOpRhs
SetZipOpRhs
SiGe
SiO
Springer
Theo
URI
UTC
UUID
UnescapedChar
UnicodeHighChar
UnorderedConstant
Unversioned
UppercaseLetter
ValueEqRhs
ValueList
ValueListEntry
ValueOpRhs
ValueRelCompRhs
ValueZip
ValueZipList
Za
Zeolitic
aax
alphanumerics
annote
antlr
api
atime
backend
backends
bandgap
bd
booktitle
boolean
bzip
calc
cartesian
checksums
cif
conformant
coreCIF
cr
crossref
css
csv
ctime
deNOx
dec
denox
dep
dependentRequired
designator
dimensionality
discoverability
discoverable
doi
downloadable
eb
ebnf
edf
enum
exclusiveMaximum
exclusiveMinimum
exmpl
ferroelectric
fieldname
firstname
hdf
howpublished
href
html
http
hydrogens
hydroperoxide
implementers
incrementing
internaldb
javascript
json
jsonapi
jsonc
jsonlines
kvak
lastname
libc
lst
lt
maintainer's
maxItems
maxLength
maxProperties
md
metadata
minItems
minLength
minProperties
mistyped
mtime
multi
multipleOf
namespace
namespaces
nattached
nbsp
nelements
nl
nonperiodic
nperiodic
nsites
occupancies
ok
optimade
organisation
overbar
overbars
oxygens
param
pcre
perovskites
piezoelectic
pre
prepended
prepending
prev
qudt
queryable
rc
regex
renormalize
sectnum
sha
sortable
spacegroup
structs
subfields
substring
substrings
supercell
symop
symops
testdb
th
timestamp
timestamps
typesetted
ucum
uniqueItems
unrequested
unversioned
uri
uris
url
urls
uuid
vMAJOR
versioning
vnd
vt
whitespace
workflow
xml
xy
xyz
yacc
zeo
zeolites
